###############################################################################
#
# IAR ELF Linker V2.20.1.176 for STM8                     21/Sep/2016  18:07:09
# Copyright 2010-2015 IAR Systems AB.
#
#    Output file  =  C:\Users\abhinav\Desktop\ia_project\Debug\Exe\UART.out
#    Map file     =  C:\Users\abhinav\Desktop\ia_project\Debug\List\UART.map
#    Command line =  
#        C:\Users\abhinav\Desktop\ia_project\Debug\Obj\main.o --redirect
#        _Printf=_PrintfFullNoMb --redirect _Scanf=_ScanfFullNoMb -o
#        C:\Users\abhinav\Desktop\ia_project\Debug\Exe\UART.out --map
#        C:\Users\abhinav\Desktop\ia_project\Debug\List\UART.map --config
#        "C:\Program Files (x86)\IAR Systems\Embedded Workbench
#        7.3\stm8\config\lnkstm8s105c6.icf" --config_def _CSTACK_SIZE=0x100
#        --config_def _HEAP_SIZE=0x100 --entry __iar_program_start --debug_lib
#
###############################################################################

*******************************************************************************
*** RUNTIME MODEL ATTRIBUTES
***

__SystemLibrary            = DLib
__code_model               = small
__core                     = stm8
__data_model               = medium
__dlib_file_descriptor     = 0
__dlib_full_locale_support = 0
__rt_version               = 4


*******************************************************************************
*** PLACEMENT SUMMARY
***

"A1":  place at start of [0x000000-0x0000ff] { rw section .vregs };
"A2":  place at end of [0x000000-0x0007ff] { block CSTACK };
"P2":  place in [from 0x000000 to 0x0007ff] {
          block HEAP, rw section __DLIB_PERTHREAD, rw section .far.bss,
          rw section .far.data, rw section .far.noinit,
          rw section .far_func.textrw, rw section .huge.bss,
          rw section .huge.data, rw section .huge.noinit,
          rw section .huge_func.textrw, rw section .iar.dynexit,
          rw section .near.bss, rw section .near.data, rw section .near.noinit,
          rw section .near_func.textrw };
"A3":  place at start of [0x008000-0x00ffff] { block INTVEC };
"P3":  place in [from 0x008000 to 0x00ffff] {
          ro section __DLIB_PERTHREAD_init, ro section .far.data_init,
          ro section .far_func.textrw_init, ro section .huge.data_init,
          ro section .huge_func.textrw_init, ro section .iar.init_table,
          ro section .init_array, ro section .near.data_init,
          ro section .near.rodata, ro section .near_func.text,
          ro section .near_func.textrw_init, ro section .tiny.data_init,
          ro section .tiny.rodata_init };

  Section            Kind      Address   Size  Object
  -------            ----      -------   ----  ------
"A1":                                     0xc
  .vregs             uninit   0x000000    0xc  vregs.o [4]
                            - 0x00000c    0xc

"P2":                                     0x2
  P2-1                        0x00000c    0x2  <Init block>
    .near.data       inited   0x00000c    0x2  main.o [1]
                            - 0x00000e    0x2

"A2":                                   0x100
  CSTACK                      0x000700  0x100  <Block>
    CSTACK           uninit   0x000700  0x100  <Block tail>
                            - 0x000800  0x100

Absolute sections, part 1 of 4:           0x4
  .near.noinit       uninit   0x005006    0x1  main.o [1]
  .near.noinit       uninit   0x005007    0x1  main.o [1]
  .near.noinit       uninit   0x005008    0x1  main.o [1]
  .near.noinit       uninit   0x005009    0x1  main.o [1]
                            - 0x00500a    0x4

Absolute sections, part 2 of 4:           0x1
  .near.noinit       uninit   0x0050c6    0x1  main.o [1]
                            - 0x0050c7    0x1

Absolute sections, part 3 of 4:           0x8
  .near.noinit       uninit   0x005240    0x1  main.o [1]
  .near.noinit       uninit   0x005241    0x1  main.o [1]
  .near.noinit       uninit   0x005242    0x1  main.o [1]
  .near.noinit       uninit   0x005243    0x1  main.o [1]
  .near.noinit       uninit   0x005244    0x1  main.o [1]
  .near.noinit       uninit   0x005245    0x1  main.o [1]
  .near.noinit       uninit   0x005246    0x1  main.o [1]
  .near.noinit       uninit   0x005247    0x1  main.o [1]
                            - 0x005248    0x8

Absolute sections, part 4 of 4:           0x2
  .near.noinit       uninit   0x00524a    0x1  main.o [1]
  .near.noinit       uninit   0x00524b    0x1  main.o [1]
                            - 0x00524c    0x2

"A3":                                    0x80
  INTVEC                      0x008000   0x80  <Block>
    .intvec          const    0x008000   0x80  interrupt.o [4]
                            - 0x008080   0x80

"P3":                                   0x24e
  .near_func.text    ro code  0x008080   0x73  main.o [1]
  .near_func.text    ro code  0x0080f3   0x6b  vreg_util.o [4]
  .near_func.text    ro code  0x00815e   0x3d  main.o [1]
  .near_func.text    ro code  0x00819b   0x35  long.o [4]
  .near_func.text    ro code  0x0081d0   0x34  main.o [1]
  .near_func.text    ro code  0x008204   0x28  init_small.o [4]
  .iar.init_table    const    0x00822c    0xa  - Linker created -
  .near_func.text    ro code  0x008236   0x17  init.o [4]
  .near_func.text    ro code  0x00824d   0x14  __dbg_xxexit.o [3]
  .near_func.text    ro code  0x008261   0x13  cstartup.o [4]
  .near_func.text    ro code  0x008274   0x12  main.o [1]
  .near.rodata       const    0x008286    0xe  main.o [1]
  .near.rodata       const    0x008294    0xd  main.o [1]
  .near.rodata       const    0x0082a1    0xd  main.o [1]
  .near.rodata       const    0x0082ae    0xc  main.o [1]
  .near_func.text    ro code  0x0082ba    0x5  cexit.o [4]
  .near_func.text    ro code  0x0082bf    0x3  interrupt.o [4]
  .near_func.text    ro code  0x0082c2    0x3  low_level_init.o [4]
  .near_func.text    ro code  0x0082c5    0x3  exit.o [4]
  .near_func.text    ro code  0x0082c8    0x3  unhandled_exception.o [4]
  Initializer bytes  const    0x0082cb    0x2  <for P2-1>
  .near_func.text    ro code  0x0082cd    0x1  __dbg_break.o [3]
                            - 0x0082ce  0x24e


*******************************************************************************
*** INIT TABLE
***

          Address   Size
          -------   ----
Copy (__iar_copy_init2)
    1 source range, total size 0x2:
          0x0082cb   0x2
    1 destination range, total size 0x2:
          0x00000c   0x2



*******************************************************************************
*** MODULE SUMMARY
***

    Module                 ro code  ro data  rw data  rw data
                                                       (abs)
    ------                 -------  -------  -------  -------
C:\Users\abhinav\Desktop\ia_project\Debug\Obj: [1]
    main.o                     246       54        2       15
    ---------------------------------------------------------
    Total:                     246       54        2       15

command line: [2]
    ---------------------------------------------------------
    Total:

dbgstm8smd.a: [3]
    __dbg_break.o                1
    __dbg_xxexit.o              20
    ---------------------------------------------------------
    Total:                      21

dlstm8smn.a: [4]
    cexit.o                      5
    cstartup.o                  19
    exit.o                       3
    init.o                      23
    init_small.o                40
    interrupt.o                  3      128
    long.o                      53
    low_level_init.o             3
    unhandled_exception.o        3
    vreg_util.o                107
    vregs.o                                       12
    ---------------------------------------------------------
    Total:                     259      128       12

    Linker created                       10      256
-------------------------------------------------------------
    Grand Total:               526      192      270       15


*******************************************************************************
*** ENTRY LIST
***

Entry                    Address  Size  Type      Object
-----                    -------  ----  ----      ------
.iar.init_table$$Base   0x00822c         --   Gb  - Linker created -
.iar.init_table$$Limit  0x008236         --   Gb  - Linker created -
?b0                     0x000000        Data  Gb  vregs.o [4]
?b1                     0x000001        Data  Gb  vregs.o [4]
?b10                    0x00000a        Data  Gb  vregs.o [4]
?b11                    0x00000b        Data  Gb  vregs.o [4]
?b2                     0x000002        Data  Gb  vregs.o [4]
?b3                     0x000003        Data  Gb  vregs.o [4]
?b4                     0x000004        Data  Gb  vregs.o [4]
?b5                     0x000005        Data  Gb  vregs.o [4]
?b6                     0x000006        Data  Gb  vregs.o [4]
?b7                     0x000007        Data  Gb  vregs.o [4]
?b8                     0x000008        Data  Gb  vregs.o [4]
?b9                     0x000009        Data  Gb  vregs.o [4]
?dec32_0x_0x            0x0081a5        Code  Gb  long.o [4]
?dec32_l0_l0            0x00819b        Code  Gb  long.o [4]
?dec32_l2_l2            0x0081a0        Code  Gb  long.o [4]
?e0                     0x000001        Data  Gb  vregs.o [4]
?e1                     0x000005        Data  Gb  vregs.o [4]
?e2                     0x000009        Data  Gb  vregs.o [4]
?epilogue_l2            0x008140        Code  Gb  vreg_util.o [4]
?l0                     0x000000        Data  Gb  vregs.o [4]
?l1                     0x000004        Data  Gb  vregs.o [4]
?l2                     0x000008        Data  Gb  vregs.o [4]
?mov_e0_e2              0x008147        Code  Gb  vreg_util.o [4]
?mov_e2_e0              0x008154        Code  Gb  vreg_util.o [4]
?mov_l0_l2              0x008144        Code  Gb  vreg_util.o [4]
?mov_l2_l0              0x008151        Code  Gb  vreg_util.o [4]
?mov_w1_w5              0x00814a        Code  Gb  vreg_util.o [4]
?mov_w5_w1              0x008157        Code  Gb  vreg_util.o [4]
?pop_l2                 0x00812d        Code  Gb  vreg_util.o [4]
?push_l2                0x00810b        Code  Gb  vreg_util.o [4]
?push_w4                0x0080f3        Code  Gb  vreg_util.o [4]
?scmp32_c_l0_l1         0x0081b9        Code  Gb  long.o [4]
?w0                     0x000000        Data  Gb  vregs.o [4]
?w1                     0x000002        Data  Gb  vregs.o [4]
?w2                     0x000004        Data  Gb  vregs.o [4]
?w3                     0x000006        Data  Gb  vregs.o [4]
?w4                     0x000008        Data  Gb  vregs.o [4]
?w5                     0x00000a        Data  Gb  vregs.o [4]
CSTACK$$Base            0x000700         --   Gb  - Linker created -
CSTACK$$Limit           0x000800         --   Gb  - Linker created -
INTVEC$$Base            0x008000         --   Gb  - Linker created -
INTVEC$$Limit           0x008080         --   Gb  - Linker created -
Region$$Table$$Base     0x00822c         --   Gb  - Linker created -
Region$$Table$$Limit    0x008236         --   Gb  - Linker created -
UART2_BRR1              0x005242   0x1  Data  Gb  main.o [1]
UART2_BRR2              0x005243   0x1  Data  Gb  main.o [1]
UART2_DR                0x005241   0x1  Data  Gb  main.o [1]
UART2_GTR               0x00524a   0x1  Data  Gb  main.o [1]
UART2_PSCR              0x00524b   0x1  Data  Gb  main.o [1]
_A_CLK_CKDIVR           0x0050c6   0x1  Data  Gb  main.o [1]
_A_PB_CR1               0x005008   0x1  Data  Gb  main.o [1]
_A_PB_CR2               0x005009   0x1  Data  Gb  main.o [1]
_A_PB_DDR               0x005007   0x1  Data  Gb  main.o [1]
_A_PB_IDR               0x005006   0x1  Data  Gb  main.o [1]
_A_UART2_CR1            0x005244   0x1  Data  Gb  main.o [1]
_A_UART2_CR2            0x005245   0x1  Data  Gb  main.o [1]
_A_UART2_CR3            0x005246   0x1  Data  Gb  main.o [1]
_A_UART2_CR4            0x005247   0x1  Data  Gb  main.o [1]
_A_UART2_SR             0x005240   0x1  Data  Gb  main.o [1]
__DebugBreak            0x0082cd   0x1  Code  Gb  __dbg_break.o [3]
__exit                  0x00824d  0x14  Code  Gb  __dbg_xxexit.o [3]
__iar_copy_init2        0x008204        Code  Gb  init_small.o [4]
__iar_data_init2        0x008236  0x17  Code  Gb  init.o [4]
__iar_program_start     0x008261        Code  Gb  cstartup.o [4]
__iar_unhandled_exception
                        0x0082c8        Code  Gb  unhandled_exception.o [4]
__intvec                0x008000        Data  Gb  interrupt.o [4]
__low_level_init        0x0082c2   0x3  Code  Gb  low_level_init.o [4]
_exit                   0x0082ba        Code  Gb  cexit.o [4]
delay                   0x0081d0  0x34  Code  Gb  main.o [1]
exit                    0x0082c5   0x3  Code  Gb  exit.o [4]
initUART                0x00815e  0x3d  Code  Gb  main.o [1]
main                    0x008080  0x73  Code  Gb  main.o [1]
txUART                  0x008274  0x12  Code  Gb  main.o [1]


[1] = C:\Users\abhinav\Desktop\ia_project\Debug\Obj
[2] = command line
[3] = dbgstm8smd.a
[4] = dlstm8smn.a

  526 bytes of readonly  code memory
  192 bytes of readonly  data memory
  270 bytes of readwrite data memory (+ 15 absolute)

Errors: none
Warnings: none
