###############################################################################
#
# IAR ELF Linker V2.20.1.176 for STM8                     14/Sep/2016  18:31:39
# Copyright 2010-2015 IAR Systems AB.
#
#    Output file  =  
#        C:\Users\abhinav\Desktop\ia_project\Debug\Exe\lcd_print.out
#    Map file     =  
#        C:\Users\abhinav\Desktop\ia_project\Debug\List\lcd_print.map
#    Command line =  
#        C:\Users\abhinav\Desktop\ia_project\Debug\Obj\main.o --redirect
#        _Printf=_PrintfFullNoMb --redirect _Scanf=_ScanfFullNoMb -o
#        C:\Users\abhinav\Desktop\ia_project\Debug\Exe\lcd_print.out --map
#        C:\Users\abhinav\Desktop\ia_project\Debug\List\lcd_print.map --config
#        "C:\Program Files (x86)\IAR Systems\Embedded Workbench
#        7.3\stm8\config\lnkstm8s105c6.icf" --config_def _CSTACK_SIZE=0x100
#        --config_def _HEAP_SIZE=0x100 --entry __iar_program_start --debug_lib
#
###############################################################################

*******************************************************************************
*** RUNTIME MODEL ATTRIBUTES
***

__SystemLibrary            = DLib
__code_model               = small
__core                     = stm8
__data_model               = medium
__dlib_file_descriptor     = 0
__dlib_full_locale_support = 0
__rt_version               = 4


*******************************************************************************
*** PLACEMENT SUMMARY
***

"A1":  place at start of [0x000000-0x0000ff] { rw section .vregs };
"A2":  place at end of [0x000000-0x0007ff] { block CSTACK };
"P2":  place in [from 0x000000 to 0x0007ff] {
          block HEAP, rw section __DLIB_PERTHREAD, rw section .far.bss,
          rw section .far.data, rw section .far.noinit,
          rw section .far_func.textrw, rw section .huge.bss,
          rw section .huge.data, rw section .huge.noinit,
          rw section .huge_func.textrw, rw section .iar.dynexit,
          rw section .near.bss, rw section .near.data, rw section .near.noinit,
          rw section .near_func.textrw };
"A3":  place at start of [0x008000-0x00ffff] { block INTVEC };
"P3":  place in [from 0x008000 to 0x00ffff] {
          ro section __DLIB_PERTHREAD_init, ro section .far.data_init,
          ro section .far_func.textrw_init, ro section .huge.data_init,
          ro section .huge_func.textrw_init, ro section .iar.init_table,
          ro section .init_array, ro section .near.data_init,
          ro section .near.rodata, ro section .near_func.text,
          ro section .near_func.textrw_init, ro section .tiny.data_init,
          ro section .tiny.rodata_init };

  Section          Kind      Address   Size  Object
  -------          ----      -------   ----  ------
"A1":                                  0x10
  .vregs           uninit   0x000000   0x10  vregs.o [4]
                          - 0x000010   0x10

"P2":                                   0x8
  .near.bss        zero     0x000010    0x4  main.o [1]
  .near.bss        zero     0x000014    0x2  main.o [1]
  .near.bss        zero     0x000016    0x2  main.o [1]
                          - 0x000018    0x8

"A2":                                 0x100
  CSTACK                    0x000700  0x100  <Block>
    CSTACK         uninit   0x000700  0x100  <Block tail>
                          - 0x000800  0x100

Absolute sections, part 1 of 8:         0x1
  .near.noinit     uninit   0x005000    0x1  main.o [1]
                          - 0x005001    0x1

Absolute sections, part 2 of 8:         0x3
  .near.noinit     uninit   0x005002    0x1  main.o [1]
  .near.noinit     uninit   0x005003    0x1  main.o [1]
  .near.noinit     uninit   0x005004    0x1  main.o [1]
                          - 0x005005    0x3

Absolute sections, part 3 of 8:         0x1
  .near.noinit     uninit   0x00500a    0x1  main.o [1]
                          - 0x00500b    0x1

Absolute sections, part 4 of 8:         0x4
  .near.noinit     uninit   0x00500c    0x1  main.o [1]
  .near.noinit     uninit   0x00500d    0x1  main.o [1]
  .near.noinit     uninit   0x00500e    0x1  main.o [1]
  .near.noinit     uninit   0x00500f    0x1  main.o [1]
                          - 0x005010    0x4

Absolute sections, part 5 of 8:         0x3
  .near.noinit     uninit   0x005011    0x1  main.o [1]
  .near.noinit     uninit   0x005012    0x1  main.o [1]
  .near.noinit     uninit   0x005013    0x1  main.o [1]
                          - 0x005014    0x3

Absolute sections, part 6 of 8:         0x2
  .near.noinit     uninit   0x0050a0    0x1  main.o [1]
  .near.noinit     uninit   0x0050a1    0x1  main.o [1]
                          - 0x0050a2    0x2

Absolute sections, part 7 of 8:         0x4
  .near.noinit     uninit   0x005300    0x1  main.o [1]
  .near.noinit     uninit   0x005301    0x1  main.o [1]
  .near.noinit     uninit   0x005302    0x1  main.o [1]
  .near.noinit     uninit   0x005303    0x1  main.o [1]
                          - 0x005304    0x4

Absolute sections, part 8 of 8:        0x10
  .near.noinit     uninit   0x005305    0x1  main.o [1]
  .near.noinit     uninit   0x005306    0x1  main.o [1]
  .near.noinit     uninit   0x005307    0x1  main.o [1]
  .near.noinit     uninit   0x005308    0x1  main.o [1]
  .near.noinit     uninit   0x005309    0x1  main.o [1]
  .near.noinit     uninit   0x00530a    0x1  main.o [1]
  .near.noinit     uninit   0x00530b    0x1  main.o [1]
  .near.noinit     uninit   0x00530c    0x1  main.o [1]
  .near.noinit     uninit   0x00530d    0x1  main.o [1]
  .near.noinit     uninit   0x00530e    0x1  main.o [1]
  .near.noinit     uninit   0x00530f    0x1  main.o [1]
  .near.noinit     uninit   0x005310    0x1  main.o [1]
  .near.noinit     uninit   0x005311    0x1  main.o [1]
  .near.noinit     uninit   0x005312    0x1  main.o [1]
  .near.noinit     uninit   0x005313    0x1  main.o [1]
  .near.noinit     uninit   0x005314    0x1  main.o [1]
                          - 0x005315   0x10

"A3":                                  0x80
  INTVEC                    0x008000   0x80  <Block>
    .intvec        const    0x008000   0x80  interrupt.o [4]
                          - 0x008080   0x80

"P3":                                 0x472
  .near_func.text  ro code  0x008080  0x185  main.o [1]
  .near_func.text  ro code  0x008205   0xce  long.o [4]
  .near_func.text  ro code  0x0082d3   0x99  main.o [1]
  .near_func.text  ro code  0x00836c   0x6c  vreg_util.o [4]
  .near_func.text  ro code  0x0083d8   0x65  main.o [1]
  .near_func.text  ro code  0x00843d   0x32  long_util.o [4]
  .iar.init_table  const    0x00846f    0x8  - Linker created -
  .near_func.text  ro code  0x008477   0x1e  init_small.o [4]
  .near_func.text  ro code  0x008495   0x17  init.o [4]
  .near_func.text  ro code  0x0084ac   0x14  __dbg_xxexit.o [3]
  .near_func.text  ro code  0x0084c0   0x13  cstartup.o [4]
  .near_func.text  ro code  0x0084d3    0xd  dc_util.o [4]
  .near_func.text  ro code  0x0084e0    0x5  cexit.o [4]
  .near_func.text  ro code  0x0084e5    0x3  interrupt.o [4]
  .near_func.text  ro code  0x0084e8    0x3  low_level_init.o [4]
  .near_func.text  ro code  0x0084eb    0x3  exit.o [4]
  .near_func.text  ro code  0x0084ee    0x3  unhandled_exception.o [4]
  .near_func.text  ro code  0x0084f1    0x1  __dbg_break.o [3]
                          - 0x0084f2  0x472


*******************************************************************************
*** INIT TABLE
***

          Address   Size
          -------   ----
Zero (__iar_zero_init2)
    1 destination range, total size 0x8:
          0x000010   0x8



*******************************************************************************
*** MODULE SUMMARY
***

    Module                 ro code  ro data  rw data  rw data
                                                       (abs)
    ------                 -------  -------  -------  -------
C:\Users\abhinav\Desktop\ia_project\Debug\Obj: [1]
    main.o                     643                 8       34
    ---------------------------------------------------------
    Total:                     643                 8       34

command line: [2]
    ---------------------------------------------------------
    Total:

dbgstm8smd.a: [3]
    __dbg_break.o                1
    __dbg_xxexit.o              20
    ---------------------------------------------------------
    Total:                      21

dlstm8smn.a: [4]
    cexit.o                      5
    cstartup.o                  19
    dc_util.o                   13
    exit.o                       3
    init.o                      23
    init_small.o                30
    interrupt.o                  3      128
    long.o                     206
    long_util.o                 50
    low_level_init.o             3
    unhandled_exception.o        3
    vreg_util.o                108
    vregs.o                                       16
    ---------------------------------------------------------
    Total:                     466      128       16

    Linker created                        8      256
-------------------------------------------------------------
    Grand Total:             1 130      136      280       34


*******************************************************************************
*** ENTRY LIST
***

Entry                    Address  Size  Type      Object
-----                    -------  ----  ----      ------
.iar.init_table$$Base   0x00846f         --   Gb  - Linker created -
.iar.init_table$$Limit  0x008477         --   Gb  - Linker created -
?b0                     0x000000        Data  Gb  vregs.o [4]
?b1                     0x000001        Data  Gb  vregs.o [4]
?b10                    0x00000a        Data  Gb  vregs.o [4]
?b11                    0x00000b        Data  Gb  vregs.o [4]
?b12                    0x00000c        Data  Gb  vregs.o [4]
?b13                    0x00000d        Data  Gb  vregs.o [4]
?b14                    0x00000e        Data  Gb  vregs.o [4]
?b15                    0x00000f        Data  Gb  vregs.o [4]
?b2                     0x000002        Data  Gb  vregs.o [4]
?b3                     0x000003        Data  Gb  vregs.o [4]
?b4                     0x000004        Data  Gb  vregs.o [4]
?b5                     0x000005        Data  Gb  vregs.o [4]
?b6                     0x000006        Data  Gb  vregs.o [4]
?b7                     0x000007        Data  Gb  vregs.o [4]
?b8                     0x000008        Data  Gb  vregs.o [4]
?b9                     0x000009        Data  Gb  vregs.o [4]
?dc32_l1                0x0084d3        Code  Gb  dc_util.o [4]
?e0                     0x000001        Data  Gb  vregs.o [4]
?e1                     0x000005        Data  Gb  vregs.o [4]
?e2                     0x000009        Data  Gb  vregs.o [4]
?e3                     0x00000d        Data  Gb  vregs.o [4]
?inc32_0x_0x            0x00820a        Code  Gb  long.o [4]
?inc32_l0_l0            0x008205        Code  Gb  long.o [4]
?l0                     0x000000        Data  Gb  vregs.o [4]
?l1                     0x000004        Data  Gb  vregs.o [4]
?l2                     0x000008        Data  Gb  vregs.o [4]
?l3                     0x00000c        Data  Gb  vregs.o [4]
?load32_0x_l0           0x008461        Code  Gb  long_util.o [4]
?load32_l0_0x           0x00843d        Code  Gb  long_util.o [4]
?load32_l1_0x           0x008449        Code  Gb  long_util.o [4]
?load32_l3_0x           0x008455        Code  Gb  long_util.o [4]
?mov_e0_e3              0x0083c1        Code  Gb  vreg_util.o [4]
?mov_e3_e0              0x0083ce        Code  Gb  vreg_util.o [4]
?mov_l0_l3              0x0083be        Code  Gb  vreg_util.o [4]
?mov_l3_l0              0x0083cb        Code  Gb  vreg_util.o [4]
?mov_w1_w7              0x0083c4        Code  Gb  vreg_util.o [4]
?mov_w7_w1              0x0083d1        Code  Gb  vreg_util.o [4]
?pop_l0                 0x0083ab        Code  Gb  vreg_util.o [4]
?push_l0                0x008384        Code  Gb  vreg_util.o [4]
?push_l3                0x008389        Code  Gb  vreg_util.o [4]
?push_w4                0x00836c        Code  Gb  vreg_util.o [4]
?sdiv32_l0_l0_dl        0x00828a        Code  Gb  long.o [4]
?sdiv32_l0_l0_l1        0x00828d        Code  Gb  long.o [4]
?smod32_l1_l0_dl        0x008285        Code  Gb  long.o [4]
?smod32_l1_l0_l1        0x00828d        Code  Gb  long.o [4]
?udiv32_l0_l0_l1        0x008218        Code  Gb  long.o [4]
?umod32_l1_l0_l1        0x008218        Code  Gb  long.o [4]
?w0                     0x000000        Data  Gb  vregs.o [4]
?w1                     0x000002        Data  Gb  vregs.o [4]
?w2                     0x000004        Data  Gb  vregs.o [4]
?w3                     0x000006        Data  Gb  vregs.o [4]
?w4                     0x000008        Data  Gb  vregs.o [4]
?w5                     0x00000a        Data  Gb  vregs.o [4]
?w6                     0x00000c        Data  Gb  vregs.o [4]
?w7                     0x00000e        Data  Gb  vregs.o [4]
CSTACK$$Base            0x000700         --   Gb  - Linker created -
CSTACK$$Limit           0x000800         --   Gb  - Linker created -
EXTI_PORTC_IRQHandler   0x0080b4  0x19  Code  Gb  main.o [1]
F                       0x000016   0x2  Data  Gb  main.o [1]
INTVEC$$Base            0x008000         --   Gb  - Linker created -
INTVEC$$Limit           0x008080         --   Gb  - Linker created -
Region$$Table$$Base     0x00846f         --   Gb  - Linker created -
Region$$Table$$Limit    0x008477         --   Gb  - Linker created -
TIM2_ARRH               0x00530d   0x1  Data  Gb  main.o [1]
TIM2_ARRL               0x00530e   0x1  Data  Gb  main.o [1]
TIM2_CCR1H              0x00530f   0x1  Data  Gb  main.o [1]
TIM2_CCR1L              0x005310   0x1  Data  Gb  main.o [1]
TIM2_CCR2H              0x005311   0x1  Data  Gb  main.o [1]
TIM2_CCR2L              0x005312   0x1  Data  Gb  main.o [1]
TIM2_CCR3H              0x005313   0x1  Data  Gb  main.o [1]
TIM2_CCR3L              0x005314   0x1  Data  Gb  main.o [1]
TIM2_CNTRH              0x00530a   0x1  Data  Gb  main.o [1]
TIM2_CNTRL              0x00530b   0x1  Data  Gb  main.o [1]
TIM2_UPD_OVF_IRQHandler
                        0x00812e  0x22  Code  Gb  main.o [1]
Timer2_start            0x0080cd  0x61  Code  Gb  main.o [1]
_A_EXTI_CR1             0x0050a0   0x1  Data  Gb  main.o [1]
_A_EXTI_CR2             0x0050a1   0x1  Data  Gb  main.o [1]
_A_PA_CR1               0x005003   0x1  Data  Gb  main.o [1]
_A_PA_CR2               0x005004   0x1  Data  Gb  main.o [1]
_A_PA_DDR               0x005002   0x1  Data  Gb  main.o [1]
_A_PA_ODR               0x005000   0x1  Data  Gb  main.o [1]
_A_PC_CR1               0x00500d   0x1  Data  Gb  main.o [1]
_A_PC_CR2               0x00500e   0x1  Data  Gb  main.o [1]
_A_PC_DDR               0x00500c   0x1  Data  Gb  main.o [1]
_A_PC_ODR               0x00500a   0x1  Data  Gb  main.o [1]
_A_PD_CR1               0x005012   0x1  Data  Gb  main.o [1]
_A_PD_CR2               0x005013   0x1  Data  Gb  main.o [1]
_A_PD_DDR               0x005011   0x1  Data  Gb  main.o [1]
_A_PD_ODR               0x00500f   0x1  Data  Gb  main.o [1]
_A_TIM2_CCER1           0x005308   0x1  Data  Gb  main.o [1]
_A_TIM2_CCER2           0x005309   0x1  Data  Gb  main.o [1]
_A_TIM2_CCMR1           0x005305   0x1  Data  Gb  main.o [1]
_A_TIM2_CCMR2           0x005306   0x1  Data  Gb  main.o [1]
_A_TIM2_CCMR3           0x005307   0x1  Data  Gb  main.o [1]
_A_TIM2_CR1             0x005300   0x1  Data  Gb  main.o [1]
_A_TIM2_IER             0x005301   0x1  Data  Gb  main.o [1]
_A_TIM2_PSCR            0x00530c   0x1  Data  Gb  main.o [1]
_A_TIM2_SR1             0x005302   0x1  Data  Gb  main.o [1]
_A_TIM2_SR2             0x005303   0x1  Data  Gb  main.o [1]
__DebugBreak            0x0084f1   0x1  Code  Gb  __dbg_break.o [3]
__exit                  0x0084ac  0x14  Code  Gb  __dbg_xxexit.o [3]
__iar_data_init2        0x008495  0x17  Code  Gb  init.o [4]
__iar_program_start     0x0084c0        Code  Gb  cstartup.o [4]
__iar_unhandled_exception
                        0x0084ee        Code  Gb  unhandled_exception.o [4]
__iar_zero_init2        0x008477        Code  Gb  init_small.o [4]
__intvec                0x008000        Data  Gb  interrupt.o [4]
__low_level_init        0x0084e8   0x3  Code  Gb  low_level_init.o [4]
_exit                   0x0084e0        Code  Gb  cexit.o [4]
_interrupt_15           0x00812e        Code  Gb  main.o [1]
_interrupt_8            0x0080b4        Code  Gb  main.o [1]
asiic                   0x0083d8  0x65  Code  Gb  main.o [1]
data                    0x000014   0x2  Data  Gb  main.o [1]
delay                   0x008080  0x1b  Code  Gb  main.o [1]
dig                     0x000010   0x4  Data  Gb  main.o [1]
exit                    0x0084eb   0x3  Code  Gb  exit.o [4]
main                    0x0082d3  0x99  Code  Gb  main.o [1]
sendcommand             0x00809b  0x19  Code  Gb  main.o [1]
set_lcd                 0x0081b0  0x55  Code  Gb  main.o [1]
setout                  0x008169  0x47  Code  Gb  main.o [1]
write_lcd               0x008150  0x19  Code  Gb  main.o [1]


[1] = C:\Users\abhinav\Desktop\ia_project\Debug\Obj
[2] = command line
[3] = dbgstm8smd.a
[4] = dlstm8smn.a

  1 130 bytes of readonly  code memory
    136 bytes of readonly  data memory
    280 bytes of readwrite data memory (+ 34 absolute)

Errors: none
Warnings: none
