<html>
<body>
<pre>
<h1>µVision Build Log</h1>
<h2>Tool Versions:</h2>
IDE-Version: µVision V5.21.1.0
Copyright (C) 2016 ARM Ltd and ARM Germany GmbH. All rights reserved.
License Information: abhinav garg, bits, LIC=----
 
Tool Versions:
Toolchain:       MDK-Lite  Version: 5.21a
Toolchain Path:  C:\Keil_v5\ARM\ARMCC\Bin
C Compiler:      Armcc.exe V5.06 update 3 (build 300)
Assembler:       Armasm.exe V5.06 update 3 (build 300)
Linker/Locator:  ArmLink.exe V5.06 update 3 (build 300)
Library Manager: ArmAr.exe V5.06 update 3 (build 300)
Hex Converter:   FromElf.exe V5.06 update 3 (build 300)
CPU DLL:         SARM.DLL V5.21a
Dialog DLL:      DARMP.DLL V1.52.0.0
Target DLL:      UL2ARM.DLL V1.74.9.0
Dialog DLL:      TARMP.DLL V1.52.0.0
 
<h2>Project:</h2>
L:\I2C-EEPROM-LPC2148-master\I2CLPC2148.uvproj
Project File Date:  11/04/2016

<h2>Output:</h2>
*** Using Compiler 'V5.06 update 3 (build 300)', folder: 'C:\Keil_v5\ARM\ARMCC\Bin'
Rebuild target 'I2CLPC2148'
assembling Startup.s...
compiling main.c...
Type.h(46): warning:  #1-D: last line of file ends without a newline
  #endif  // TYPE_H 
main.c(21): warning:  #1295-D: Deprecated declaration main2 - give arg types
  uint8 main2();
main.c: 2 warnings, 0 errors
compiling I2C.c...
compiling timer.c...
Type.h(46): warning:  #1-D: last line of file ends without a newline
  #endif  // TYPE_H 
timer.c: 1 warning, 0 errors
compiling extn_int.c...
type.h(46): warning:  #1-D: last line of file ends without a newline
  #endif  // TYPE_H 
extn_int.c: 1 warning, 0 errors
compiling uart.c...
TYPE.h(46): warning:  #1-D: last line of file ends without a newline
  #endif  // TYPE_H 
uart.c: 1 warning, 0 errors
compiling lcd.c...
linking...
Program Size: Code=7472 RO-data=32 RW-data=8 ZI-data=1256  
FromELF: creating hex file...
After Build - User command #1: C:\Keil_v5\\ARM\ARMCC\bin\fromelf.exe --bin --output=I2CLPC2148.bin .\I2CLPC2148.axf
".\I2CLPC2148.axf" - 0 Error(s), 5 Warning(s).
Build Time Elapsed:  00:00:05
</pre>
</body>
</html>
