<html>
<body>
<pre>
<h1>µVision Build Log</h1>
<h2>Project:</h2>
E:\MY ARM\Bhopal\Bhopal_DRMZ\Sources\adc\adc.uvproj
Project File Date:  12/07/2011

<h2>Output:</h2>
Build target 'ADC_LPC21xx'
assembling Startup.s...
compiling main.c...
main.c(12): warning:  #951-D: return type of function "main" must be "int"
main.c:   void main()
main.c:        ^
main.c(26): warning:  #223-D: function "delay" declared implicitly
main.c:      delay(300000); 
main.c:      ^
main.c(28): warning:  #1-D: last line of file ends without a newline
main.c:   }
main.c:    ^
main.c: main.c: 3 warnings, 0 errors
compiling lcd.c...
compiling adc.c...
adc.c(40): warning:  #117-D: non-void function "ADC" should return a value
adc.c:      return;
adc.c:            ^
adc.c(41): warning:  #1-D: last line of file ends without a newline
adc.c:   }
adc.c:    ^
adc.c: adc.c: 2 warnings, 0 errors
linking...
Program Size: Code=2260 RO-data=16 RW-data=0 ZI-data=1160  
FromELF: creating hex file...
User command #1: fromelf --bin .\Obj\adc.axf -o .\Obj\adc.bin
".\Obj\adc.axf" - 0 Error(s), 5 Warning(s).
Build target 'ADC_LPC21xx'
assembling Startup.s...
compiling main.c...
main.c(12): warning:  #951-D: return type of function "main" must be "int"
main.c:   void main()
main.c:        ^
main.c(26): warning:  #223-D: function "delay" declared implicitly
main.c:      delay(300000); 
main.c:      ^
main.c(28): warning:  #1-D: last line of file ends without a newline
main.c:   }
main.c:    ^
main.c: main.c: 3 warnings, 0 errors
compiling lcd.c...
compiling adc.c...
adc.c(41): warning:  #1-D: last line of file ends without a newline
adc.c:   }
adc.c:    ^
adc.c: adc.c: 1 warning, 0 errors
linking...
Program Size: Code=2260 RO-data=16 RW-data=0 ZI-data=1160  
FromELF: creating hex file...
User command #1: fromelf --bin .\Obj\adc.axf -o .\Obj\adc.bin
".\Obj\adc.axf" - 0 Error(s), 4 Warning(s).
Build target 'ADC_LPC21xx'
assembling Startup.s...
compiling main.c...
main.c(12): warning:  #951-D: return type of function "main" must be "int"
main.c:   void main()
main.c:        ^
main.c(26): warning:  #223-D: function "delay" declared implicitly
main.c:      delay(300000); 
main.c:      ^
main.c(28): warning:  #1-D: last line of file ends without a newline
main.c:   }
main.c:    ^
main.c: main.c: 3 warnings, 0 errors
compiling lcd.c...
compiling adc.c...
linking...
Program Size: Code=2260 RO-data=16 RW-data=0 ZI-data=1160  
FromELF: creating hex file...
User command #1: fromelf --bin .\Obj\adc.axf -o .\Obj\adc.bin
".\Obj\adc.axf" - 0 Error(s), 3 Warning(s).
Build target 'ADC_LPC21xx'
compiling main.c...
main.c(12): warning:  #951-D: return type of function "main" must be "int"
main.c:   void main()
main.c:        ^
main.c(26): warning:  #223-D: function "delay" declared implicitly
main.c:      delay(300000); 
main.c:      ^
main.c: main.c: 2 warnings, 0 errors
linking...
Program Size: Code=2260 RO-data=16 RW-data=0 ZI-data=1160  
FromELF: creating hex file...
User command #1: fromelf --bin .\Obj\adc.axf -o .\Obj\adc.bin
".\Obj\adc.axf" - 0 Error(s), 2 Warning(s).
Build target 'ADC_LPC21xx'
assembling Startup.s...
compiling main.c...
main.c(12): warning:  #951-D: return type of function "main" must be "int"
main.c:   void main()
main.c:        ^
main.c(26): warning:  #223-D: function "delay" declared implicitly
main.c:      delay(300000); 
main.c:      ^
main.c: main.c: 2 warnings, 0 errors
compiling lcd.c...
compiling adc.c...
linking...
Program Size: Code=2260 RO-data=16 RW-data=0 ZI-data=1160  
FromELF: creating hex file...
User command #1: fromelf --bin .\Obj\adc.axf -o .\Obj\adc.bin
".\Obj\adc.axf" - 0 Error(s), 2 Warning(s).
Build target 'ADC_LPC21xx'
assembling Startup.s...
compiling main.c...
main.c(26): warning:  #223-D: function "delay" declared implicitly
main.c:      delay(300000); 
main.c:      ^
main.c: main.c: 1 warning, 0 errors
compiling lcd.c...
compiling adc.c...
linking...
Program Size: Code=2260 RO-data=16 RW-data=0 ZI-data=1160  
FromELF: creating hex file...
User command #1: fromelf --bin .\Obj\adc.axf -o .\Obj\adc.bin
".\Obj\adc.axf" - 0 Error(s), 1 Warning(s).
Build target 'ADC_LPC21xx'
assembling Startup.s...
compiling main.c...
compiling lcd.c...
compiling adc.c...
linking...
Program Size: Code=2260 RO-data=16 RW-data=0 ZI-data=1160  
FromELF: creating hex file...
User command #1: fromelf --bin .\Obj\adc.axf -o .\Obj\adc.bin
".\Obj\adc.axf" - 0 Error(s), 0 Warning(s).
Build target 'ADC_LPC21xx'
assembling Startup.s...
compiling main.c...
compiling lcd.c...
compiling adc.c...
linking...
Program Size: Code=2260 RO-data=16 RW-data=0 ZI-data=1160  
FromELF: creating hex file...
User command #1: fromelf --bin .\Obj\adc.axf -o .\Obj\adc.bin
".\Obj\adc.axf" - 0 Error(s), 0 Warning(s).
Build target 'ADC_LPC21xx'
linking...
Program Size: Code=2260 RO-data=16 RW-data=0 ZI-data=1160  
FromELF: creating hex file...
User command #1: fromelf --bin .\Obj\adc.axf -o .\Obj\adc.bin
".\Obj\adc.axf" - 0 Error(s), 0 Warning(s).
Build target 'ADC_LPC21xx'
assembling Startup.s...
compiling main.c...
compiling lcd.c...
compiling adc.c...
linking...
Program Size: Code=2260 RO-data=16 RW-data=0 ZI-data=1160  
FromELF: creating hex file...
User command #1: fromelf --bin .\Obj\adc.axf -o .\Obj\adc.bin
".\Obj\adc.axf" - 0 Error(s), 0 Warning(s).
Build target 'ADC_LPC21xx'
assembling Startup.s...
compiling main.c...
compiling lcd.c...
compiling adc.c...
linking...
Program Size: Code=2260 RO-data=16 RW-data=0 ZI-data=1160  
FromELF: creating hex file...
User command #1: fromelf --bin .\Obj\adc.axf -o .\Obj\adc.bin
".\Obj\adc.axf" - 0 Error(s), 0 Warning(s).
Build target 'ADC_LPC21xx'
assembling Startup.s...
compiling main.c...
compiling lcd.c...
compiling adc.c...
linking...
Program Size: Code=2260 RO-data=16 RW-data=0 ZI-data=1160  
FromELF: creating hex file...
User command #1: fromelf --bin .\Obj\adc.axf -o .\Obj\adc.bin
".\Obj\adc.axf" - 0 Error(s), 0 Warning(s).
Build target 'ADC_LPC21xx'
assembling Startup.s...
compiling main.c...
compiling lcd.c...
compiling adc.c...
linking...
Program Size: Code=2260 RO-data=16 RW-data=0 ZI-data=1160  
FromELF: creating hex file...
User command #1: fromelf --bin .\Obj\adc.axf -o .\Obj\adc.bin
".\Obj\adc.axf" - 0 Error(s), 0 Warning(s).
